[2026-03-17T15:49:00.000] Location request from spotify returned coordinates: (46.51733966230016, 6.571741553787722), source: cellular
[2026-03-17T15:49:30.000] Location request from instagram returned coordinates: ('46.52951825887394', '6.588656868650106'), source: beacon
[2026-03-17T15:50:00.000] Location request from snapchat returned coordinates: (46.51338672040743, 6.590572670701977), source: cellular
[2026-03-17T15:50:30.000] Location request from instagram returned coordinates: ('46.51563775632543', '6.572046754615044'), source: UNKNOWN
[2026-03-17T15:51:00.000] Location request from netflix, returned coordinates: (46.5228407, 6.5811926), source: GPS
[2026-03-17T15:51:30.000] Location request from whatsapp returned coordinates: ('46.531384909328004', '6.572975069761746'), source: wi-fi
[2026-03-17T15:52:00.000] Location request from spotify returned coordinates: ('46.518838722154946', '6.573318841980252'), source: beacon
[2026-03-17T15:52:30.000] Location request from instagram returned coordinates: ('46.53034794089094', '6.57179830496577'), source: UNKNOWN
[2026-03-17T15:53:00.000] Location request from linkedin returned coordinates: ('46.531067514517105', '6.58574267941869'), source: beacon
[2026-03-17T15:53:30.000] Location request from snapchat returned coordinates: (46.5175969435225, 6.5874901653423565), source: UNKNOWN
[2026-03-17T15:54:05.000] Location request from instagram returned coordinates: ('46.516379722941224', '6.576073954468733'), source: UNKNOWN
[2026-03-17T15:54:35.000] Location request from whatsapp returned coordinates: (46.51619417527853, 6.573889312246163), source: wi-fi
[2026-03-17T15:55:05.000] Location request from whatsapp, returned coordinates: (46.5238285, 6.5823532), source: GPS
[2026-03-17T15:55:35.000] Location request from tiktok returned coordinates: ('46.53373831104547', '6.587320207689119'), source: wi-fi
[2026-03-17T15:56:05.000] Location request from linkedin returned coordinates: (46.53107272467663, 6.587651152944111), source: beacon
[2026-03-17T15:56:35.000] Location request from twitter returned coordinates: (46.53259152615153, 6.5757563308761044), source: wi-fi
[2026-03-17T15:57:05.000] Location request from snapchat returned coordinates: (46.51935530299491, 6.57757483630084), source: UNKNOWN
[2026-03-17T15:57:35.000] Location request from spotify returned coordinates: ('46.5159821470086', '6.5874032433580485'), source: UNKNOWN
[2026-03-17T15:57:24.000] Location request from tiktok returned coordinates: ('46.51611707319099', '6.575553965504393'), source: cellular
[2026-03-17T15:57:54.000] Location request from gmail returned coordinates: (46.528949062198464, 6.5929489046105285), source: cellular
[2026-03-17T15:58:24.000] Location request from facebook returned coordinates: ('46.53061811636865', '6.579033884254194'), source: beacon
[2026-03-17T15:58:54.000] Location request from linkedin, returned coordinates: (46.5229593, 6.5843711), source: GPS
[2026-03-17T15:59:24.000] Location request from linkedin returned coordinates: ('46.517305356016266', '6.590341421935433'), source: UNKNOWN
[2026-03-17T15:59:54.000] Location request from facebook returned coordinates: ('46.53210186407685', '6.57610645702653'), source: cellular
[2026-03-17T16:00:24.000] Location request from instagram returned coordinates: (46.51402575963561, 6.594031523675518), source: UNKNOWN
[2026-03-17T16:00:54.000] Location request from whatsapp returned coordinates: (46.53257164549307, 6.588930675063837), source: cellular
[2026-03-17T16:01:24.000] Location request from facebook returned coordinates: (46.515424540832164, 6.592481405701312), source: cellular
[2026-03-17T16:01:54.000] Location request from facebook returned coordinates: ('46.532406296563316', '6.578119103710936'), source: beacon
[2026-03-17T16:02:24.000] Location request from linkedin returned coordinates: ('46.529224947353235', '6.592276351216433'), source: wi-fi
[2026-03-17T16:02:54.000] Location request from instagram returned coordinates: ('46.53082422364592', '6.591756337845393'), source: wi-fi
