[2026-03-17T15:50:01.000] Location request from facebook returned coordinates: ('46.516063388311395', '6.588313376893707'), source: cellular
[2026-03-17T15:50:31.000] Location request from whatsapp returned coordinates: ('46.53030064013982', '6.588323364532239'), source: wi-fi
[2026-03-17T15:51:01.000] Location request from twitter returned coordinates: ('46.513676972864864', '6.574764082718344'), source: wi-fi
[2026-03-17T15:51:31.000] Location request from snapchat, returned coordinates: (46.5233176, 6.5814457), source: GPS
[2026-03-17T15:52:01.000] Location request from linkedin returned coordinates: (46.532217854291595, 6.58682954050528), source: UNKNOWN
[2026-03-17T15:52:31.000] Location request from whatsapp returned coordinates: (46.529045782148664, 6.571556541512675), source: wi-fi
[2026-03-17T15:53:01.000] Location request from gmail returned coordinates: ('46.53286388007423', '6.586822178764725'), source: beacon
[2026-03-17T15:53:31.000] Location request from netflix returned coordinates: ('46.5168804363204', '6.574142767203263'), source: cellular
[2026-03-17T15:54:01.000] Location request from gmail returned coordinates: ('46.51814964292916', '6.591228671061518'), source: cellular
[2026-03-17T15:54:31.000] Location request from instagram returned coordinates: ('46.52905891661402', '6.585648252933995'), source: UNKNOWN
[2026-03-17T15:55:01.000] Location request from instagram returned coordinates: ('46.51424210167175', '6.577241941308041'), source: wi-fi
[2026-03-17T15:54:13.000] Location request from gmail returned coordinates: ('46.51442824150952', '6.586907272389565'), source: UNKNOWN
[2026-03-17T15:54:43.000] Location request from facebook returned coordinates: ('46.51499231829828', '6.572703243087475'), source: wi-fi
[2026-03-17T15:55:13.000] Location request from youtube returned coordinates: (46.516514261954626, 6.58243755540718), source: UNKNOWN
[2026-03-17T15:55:43.000] Location request from spotify returned coordinates: (46.53163828333325, 6.587101204274448), source: wi-fi
[2026-03-17T15:56:13.000] Location request from tiktok, returned coordinates: (46.5216734, 6.5781328), source: GPS
[2026-03-17T15:56:43.000] Location request from whatsapp returned coordinates: (46.51761399463888, 6.582223730542811), source: beacon
[2026-03-17T15:57:13.000] Location request from linkedin returned coordinates: (46.51447839876834, 6.571181797581261), source: cellular
[2026-03-17T15:57:43.000] Location request from gmail returned coordinates: (46.513914236323835, 6.5713321010191805), source: UNKNOWN
[2026-03-17T15:58:13.000] Location request from netflix returned coordinates: (46.51703395306886, 6.586724177681575), source: beacon
[2026-03-17T15:58:43.000] Location request from gmail returned coordinates: (46.5117635490906, 6.570908374698296), source: beacon
[2026-03-17T15:59:13.000] Location request from twitter returned coordinates: ('46.51436011986673', '6.58771478267785'), source: cellular
[2026-03-17T15:57:51.000] Location request from facebook returned coordinates: ('46.53154014283707', '6.5691308518650064'), source: cellular
[2026-03-17T15:58:21.000] Location request from tiktok returned coordinates: (46.52930098689834, 6.571514852877312), source: UNKNOWN
[2026-03-17T15:58:51.000] Location request from linkedin returned coordinates: ('46.52780486565273', '6.568107692570782'), source: UNKNOWN
[2026-03-17T15:59:21.000] Location request from gmail returned coordinates: ('46.51307486704089', '6.570606835342844'), source: wi-fi
[2026-03-17T15:59:51.000] Location request from spotify, returned coordinates: (46.5226313, 6.5759218), source: GPS
[2026-03-17T16:00:21.000] Location request from linkedin returned coordinates: (46.514801292250304, 6.57031047678554), source: beacon
[2026-03-17T16:00:51.000] Location request from linkedin returned coordinates: (46.52835246810146, 6.566915095940033), source: beacon
[2026-03-17T16:01:21.000] Location request from linkedin returned coordinates: (46.530253178995174, 6.584756835844707), source: cellular
[2026-03-17T16:01:51.000] Location request from netflix returned coordinates: ('46.51797619054565', '6.567854244253895'), source: wi-fi
[2026-03-17T16:02:21.000] Location request from gmail returned coordinates: (46.52674006992298, 6.582706151722405), source: wi-fi
