[2026-03-17T15:46:41.000] Location request from linkedin returned coordinates: ('46.5164414579683', '6.5697635965156'), source: beacon
[2026-03-17T15:47:11.000] Location request from netflix returned coordinates: (46.52816820461781, 6.588061520643857), source: UNKNOWN
[2026-03-17T15:47:41.000] Location request from gmail returned coordinates: (46.51398186314776, 6.572231738306965), source: wi-fi
[2026-03-17T15:48:11.000] Location request from whatsapp, returned coordinates: (46.5218117, 6.5786992), source: GPS
[2026-03-17T15:48:41.000] Location request from instagram returned coordinates: ('46.527515362283054', '6.587822797922014'), source: wi-fi
[2026-03-17T15:49:11.000] Location request from whatsapp returned coordinates: ('46.52763105401573', '6.586848559770904'), source: beacon
[2026-03-17T15:49:41.000] Location request from whatsapp returned coordinates: ('46.527209899684195', '6.569277899135442'), source: beacon
[2026-03-17T15:50:11.000] Location request from whatsapp returned coordinates: (46.52864116483523, 6.583025104337042), source: wi-fi
[2026-03-17T15:49:59.000] Location request from twitter returned coordinates: ('46.53210209172858', '6.573460704666955'), source: beacon
[2026-03-17T15:50:29.000] Location request from instagram returned coordinates: (46.52748267377777, 6.584189118670551), source: cellular
[2026-03-17T15:50:59.000] Location request from snapchat, returned coordinates: (46.5225917, 6.5800269), source: GPS
[2026-03-17T15:51:29.000] Location request from youtube returned coordinates: (46.53094618739765, 6.572865256435567), source: cellular
[2026-03-17T15:51:59.000] Location request from linkedin returned coordinates: (46.51745363002599, 6.574367323830549), source: beacon
[2026-03-17T15:52:29.000] Location request from spotify returned coordinates: ('46.5143095565125', '6.574200239289932'), source: cellular
[2026-03-17T15:52:59.000] Location request from youtube returned coordinates: ('46.53110642473373', '6.587098992851769'), source: cellular
[2026-03-17T15:53:29.000] Location request from whatsapp returned coordinates: (46.528926583973785, 6.570843299494234), source: beacon
[2026-03-17T15:53:59.000] Location request from snapchat returned coordinates: (46.51820014594943, 6.574134444840509), source: beacon
[2026-03-17T15:54:29.000] Location request from tiktok returned coordinates: (46.51827644960763, 6.589868861688882), source: wi-fi
[2026-03-17T15:54:59.000] Location request from gmail returned coordinates: (46.52974849710432, 6.5861021178719295), source: cellular
[2026-03-17T15:54:01.000] Location request from youtube returned coordinates: ('46.530534586924944', '6.588095960823622'), source: UNKNOWN
[2026-03-17T15:54:31.000] Location request from instagram returned coordinates: (46.52971797009772, 6.571669384863836), source: beacon
[2026-03-17T15:55:01.000] Location request from snapchat returned coordinates: ('46.53214088794656', '6.586283975595881'), source: wi-fi
[2026-03-17T15:55:31.000] Location request from whatsapp, returned coordinates: (46.5225832, 6.5806604), source: GPS
[2026-03-17T15:56:01.000] Location request from netflix returned coordinates: ('46.516153372419716', '6.574417858434345'), source: wi-fi
[2026-03-17T15:56:31.000] Location request from tiktok returned coordinates: ('46.529102650947124', '6.576433102731483'), source: beacon
[2026-03-17T15:57:01.000] Location request from gmail returned coordinates: ('46.52671054932481', '6.587186810387013'), source: beacon
[2026-03-17T15:57:31.000] Location request from youtube returned coordinates: ('46.512692724346344', '6.572855066009931'), source: cellular
[2026-03-17T15:56:56.000] Location request from youtube returned coordinates: (46.518198411428614, 6.587985283648195), source: cellular
[2026-03-17T15:57:26.000] Location request from twitter returned coordinates: ('46.51780139506707', '6.571715931380858'), source: UNKNOWN
[2026-03-17T15:57:56.000] Location request from twitter returned coordinates: ('46.52791819804211', '6.571881220860936'), source: UNKNOWN
[2026-03-17T15:58:26.000] Location request from spotify returned coordinates: ('46.51761496717618', '6.590063999492682'), source: beacon
[2026-03-17T15:58:56.000] Location request from linkedin returned coordinates: (46.515577395703644, 6.577116239696035), source: UNKNOWN
[2026-03-17T15:59:26.000] Location request from spotify, returned coordinates: (46.5227197, 6.5812725), source: GPS
[2026-03-17T15:59:56.000] Location request from snapchat returned coordinates: ('46.51298740645946', '6.576499787188857'), source: cellular
[2026-03-17T16:00:26.000] Location request from facebook returned coordinates: (46.53022158556347, 6.585759328539459), source: wi-fi
[2026-03-17T16:00:56.000] Location request from youtube returned coordinates: (46.53060611264205, 6.576070492572793), source: cellular
[2026-03-17T16:01:26.000] Location request from tiktok returned coordinates: (46.51784502382244, 6.585772702385234), source: wi-fi
